#-----------------------------------------------------------
# Vivado v2024.1 (64-bit)
# SW Build 5076996 on Wed May 22 18:37:14 MDT 2024
# IP Build 5075265 on Wed May 22 21:45:21 MDT 2024
# SharedData Build 5076995 on Wed May 22 18:29:18 MDT 2024
# Start of session at: Mon Nov 17 17:13:30 2025
# Process ID: 21568
# Current directory: D:/SSC/proiectSSC/Sistem_de_Iluminare_Inteligent/Sistem_de_Iluminare_Inteligent.runs/synth_1
# Command line: vivado.exe -log PWM_Unit.vds -product Vivado -mode batch -messageDb vivado.pb -notrace -source PWM_Unit.tcl
# Log file: D:/SSC/proiectSSC/Sistem_de_Iluminare_Inteligent/Sistem_de_Iluminare_Inteligent.runs/synth_1/PWM_Unit.vds
# Journal file: D:/SSC/proiectSSC/Sistem_de_Iluminare_Inteligent/Sistem_de_Iluminare_Inteligent.runs/synth_1\vivado.jou
# Running On        :TinuPC04
# Platform          :Windows Server 2016 or Windows 10
# Operating System  :22631
# Processor Detail  :AMD Ryzen 7 6800HS Creator Edition             
# CPU Frequency     :3194 MHz
# CPU Physical cores:8
# CPU Logical cores :16
# Host memory       :14702 MB
# Swap memory       :5631 MB
# Total Virtual     :20333 MB
# Available Virtual :2420 MB
#-----------------------------------------------------------
source PWM_Unit.tcl -notrace
